******************************************************************************
                  TI ARM Linker Unix v15.12.2                  
******************************************************************************
>> Linked Sat May 28 17:54:08 2016

OUTPUT FILE NAME:   <Kentec_Display.out>
ENTRY POINT SYMBOL: "_c_int00"  address: 000022d5


MEMORY CONFIGURATION

         name            origin    length      used     unused   attr    fill
----------------------  --------  ---------  --------  --------  ----  --------
  FLASH                 00000000   00040000  00003394  0003cc6c  R  X
  SRAM                  20000000   00008000  00000265  00007d9b  RW X


SEGMENT ALLOCATION MAP

run origin  load origin   length   init length attrs members
----------  ----------- ---------- ----------- ----- -------
00000000    00000000    00003394   00003394    r-x
  00000000    00000000    0000026c   0000026c    r-- .intvecs
  0000026c    0000026c    00002528   00002528    r-x .text
  00002794    00002794    00000bbc   00000bbc    r-- .const
  00003350    00003350    00000044   00000044    r-- .cinit
20000000    20000000    00000265   00000000    rw-
  20000000    20000000    00000200   00000000    rw- .stack
  20000200    20000200    00000048   00000000    rw- .bss
  20000248    20000248    0000001d   00000000    rw- .data


SECTION ALLOCATION MAP

 output                                  attributes/
section   page    origin      length       input sections
--------  ----  ----------  ----------   ----------------
.intvecs   0    00000000    0000026c     
                  00000000    0000026c     tm4c123gh6pm_startup_ccs.obj (.intvecs)

.text      0    0000026c    00002528     
                  0000026c    00000c84     ustdlib.obj (.text)
                  00000ef0    000007be     Kentec320x240x16_SSD2119_SPI.obj (.text)
                  000016ae    00000254     grlib.lib : string.obj (.text:GrFontGlyphRender)
                  00001902    00000002     rtsv7M4_T_le_v4SPD16_eabi.lib : i_div0.obj (.text)
                  00001904    000001d0     main.obj (.text)
                  00001ad4    00000132     driverlib.lib : gpio.obj (.text:GPIOPadConfigSet)
                  00001c06    00000002     rtsv7M4_T_le_v4SPD16_eabi.lib : mpu_init.obj (.text)
                  00001c08    00000110     driverlib.lib : sysctl.obj (.text:SysCtlClockGet)
                  00001d18    000000f4                   : sysctl.obj (.text:SysCtlClockSet)
                  00001e0c    000000c0     grlib.lib : string.obj (.text:GrDefaultStringRenderer)
                  00001ecc    0000009c     rtsv7M4_T_le_v4SPD16_eabi.lib : memcpy_t2.obj (.text)
                  00001f68    00000086     grlib.lib : rectangle.obj (.text:GrRectFill)
                  00001fee    0000007a     rtsv7M4_T_le_v4SPD16_eabi.lib : memset_t2.obj (.text)
                  00002068    00000070                                   : autoinit.obj (.text)
                  000020d8    0000006a                                   : copy_decompress_rle.obj (.text)
                  00002142    00000002                                   : startup.obj (.text)
                  00002144    00000068     grlib.lib : context.obj (.text:GrContextInit)
                  000021ac    00000068               : string.obj (.text:GrStringWidthGet)
                  00002214    00000066               : rectangle.obj (.text:GrRectDraw)
                  0000227a    0000005a               : string.obj (.text:FontWideGlyphDataGet)
                  000022d4    00000054     rtsv7M4_T_le_v4SPD16_eabi.lib : boot.obj (.text)
                  00002328    00000054                                   : exit.obj (.text)
                  0000237c    0000004c     driverlib.lib : gpio.obj (.text:GPIOPinConfigure)
                  000023c8    0000004c     rtsv7M4_T_le_v4SPD16_eabi.lib : cpy_tbl.obj (.text)
                  00002414    0000004a     grlib.lib : string.obj (.text:UpdateContextCharMapping)
                  0000245e    00000046               : line.obj (.text:GrLineDrawH)
                  000024a4    00000046               : line.obj (.text:GrLineDrawV)
                  000024ea    00000040     rtsv7M4_T_le_v4SPD16_eabi.lib : u_divt2.obj (.text)
                  0000252a    0000003c     driverlib.lib : ssi.obj (.text:SSIConfigSetExpClk)
                  00002566    0000003a     grlib.lib : string.obj (.text:FontGlyphDataGet)
                  000025a0    00000034     driverlib.lib : sysctl.obj (.text:SysCtlPeripheralEnable)
                  000025d4    0000002e     grlib.lib : string.obj (.text:GrStringNextCharGet)
                  00002602    0000002c               : string.obj (.text:GrFontBaselineGet)
                  0000262e    0000002a     driverlib.lib : gpio.obj (.text:GPIODirModeSet)
                  00002658    00000026     grlib.lib : string.obj (.text:GrFontInfoGet)
                  0000267e    00000022               : string.obj (.text:GrFontGlyphDataGet)
                  000026a0    0000001e               : string.obj (.text:GrFontCodepageGet)
                  000026be    00000018     driverlib.lib : gpio.obj (.text:GPIOPinTypeGPIOOutput)
                  000026d6    00000002     --HOLE-- [fill = 0]
                  000026d8    00000018     rtsv7M4_T_le_v4SPD16_eabi.lib : args_main.obj (.text)
                  000026f0    00000016     grlib.lib : string.obj (.text:GrStringDraw)
                  00002706    00000002     --HOLE-- [fill = 0]
                  00002708    00000014     rtsv7M4_T_le_v4SPD16_eabi.lib : _lock.obj (.text)
                  0000271c    00000012     driverlib.lib : gpio.obj (.text:GPIOPinTypeSSI)
                  0000272e    00000012                   : ssi.obj (.text:SSIDataGetNonBlocking)
                  00002740    0000000e     rtsv7M4_T_le_v4SPD16_eabi.lib : copy_decompress_none.obj (.text:decompress:none)
                  0000274e    0000000c     tm4c123gh6pm_startup_ccs.obj (.text)
                  0000275a    0000000a     driverlib.lib : ssi.obj (.text:SSIDataPut)
                  00002764    0000000a                   : ssi.obj (.text:SSIEnable)
                  0000276e    00000008     grlib.lib : charmap.obj (.text:GrMapISO8859_1_Unicode)
                  00002776    00000008     driverlib.lib : ssi.obj (.text:SSIBusy)
                  0000277e    00000006     grlib.lib : string.obj (.text:GrContextFontSet)
                  00002784    00000006     driverlib.lib : sysctl.obj (.text:SysCtlDelay)
                  0000278a    00000006     rtsv7M4_T_le_v4SPD16_eabi.lib : copy_decompress_rle.obj (.text:decompress:rle24)
                  00002790    00000004                                   : pre_init.obj (.text)

.const     0    00002794    00000bbc     
                  00002794    0000095e     grlib.lib : fontcm20.obj (.const:.string:g_pui8Cm20Data)
                  000030f2    00000002     --HOLE-- [fill = 0]
                  000030f4    000000c8               : fontcm20.obj (.const:g_sFontCm20)
                  000031bc    00000090     driverlib.lib : gpio.obj (.const:g_pui32GPIOBaseAddrs)
                  0000324c    0000006c                   : sysctl.obj (.const:g_pui32Xtals)
                  000032b8    00000030     ustdlib.obj (.const:g_psDaysToMonth)
                  000032e8    00000028     Kentec320x240x16_SSD2119_SPI.obj (.const:g_sKentec320x240x16_SSD2119)
                  00003310    00000018     ustdlib.obj (.const:g_pfExponents)
                  00003328    00000012     ustdlib.obj (.const:.string)
                  0000333a    00000002     --HOLE-- [fill = 0]
                  0000333c    00000010     grlib.lib : context.obj (.const)
                  0000334c    00000004     ustdlib.obj (.const)

.cinit     0    00003350    00000044     
                  00003350    0000001a     (.cinit..data.load) [load image, compression = rle]
                  0000336a    00000006     --HOLE-- [fill = 0]
                  00003370    00000009     (.cinit..bss.load) [load image, compression = rle]
                  00003379    00000003     --HOLE-- [fill = 0]
                  0000337c    00000008     (__TI_handler_table)
                  00003384    00000010     (__TI_cinit_table)

.init_array 
*          0    00000000    00000000     UNINITIALIZED

.bss       0    20000200    00000048     UNINITIALIZED
                  20000200    0000002c     (.common:sContext)
                  2000022c    0000000c     (.common:str)
                  20000238    00000008     (.common:sRect)
                  20000240    00000004     (.common:g_psGrLibDefaults)
                  20000244    00000004     (.common:pui16Data)

.data      0    20000248    0000001d     UNINITIALIZED
                  20000248    0000000c     rtsv7M4_T_le_v4SPD16_eabi.lib : exit.obj (.data:$O1$$)
                  20000254    00000008                                   : _lock.obj (.data:$O1$$)
                  2000025c    00000004                                   : stkdepth_vars.obj (.data)
                  20000260    00000004     ustdlib.obj (.data)
                  20000264    00000001     main.obj (.data)

.stack     0    20000000    00000200     UNINITIALIZED
                  20000000    00000200     --HOLE--

MODULE SUMMARY

       Module                             code   ro data   rw data
       ------                             ----   -------   -------
    ./
       ustdlib.obj                        3204   94        4      
       Kentec320x240x16_SSD2119_SPI.obj   1982   40        4      
       tm4c123gh6pm_startup_ccs.obj       12     620       0      
       main.obj                           464    0         65     
    +--+----------------------------------+------+---------+---------+
       Total:                             5662   754       73     
                                                                  
    ../driverlib.lib
       sysctl.obj                         574    108       0      
       gpio.obj                           466    144       0      
       ssi.obj                            106    0         0      
    +--+----------------------------------+------+---------+---------+
       Total:                             1146   252       0      
                                                                  
    ../grlib.lib
       fontcm20.obj                       0      2598      0      
       string.obj                         1334   0         0      
       rectangle.obj                      236    0         0      
       line.obj                           140    0         0      
       context.obj                        104    16        4      
       charmap.obj                        8      0         0      
    +--+----------------------------------+------+---------+---------+
       Total:                             1822   2614      4      
                                                                  
    /opt/ti/ccsv6/tools/compiler/arm_15.12.2.LTS/lib/rtsv7M4_T_le_v4SPD16_eabi.lib
       memcpy_t2.obj                      156    0         0      
       memset_t2.obj                      122    0         0      
       autoinit.obj                       112    0         0      
       copy_decompress_rle.obj            112    0         0      
       exit.obj                           84     0         12     
       boot.obj                           84     0         0      
       cpy_tbl.obj                        76     0         0      
       u_divt2.obj                        64     0         0      
       _lock.obj                          20     0         8      
       args_main.obj                      24     0         0      
       copy_decompress_none.obj           14     0         0      
       pre_init.obj                       4      0         0      
       stkdepth_vars.obj                  0      0         4      
       i_div0.obj                         2      0         0      
       mpu_init.obj                       2      0         0      
       startup.obj                        2      0         0      
    +--+----------------------------------+------+---------+---------+
       Total:                             878    0         24     
                                                                  
       Stack:                             0      0         512    
       Linker Generated:                  0      59        0      
    +--+----------------------------------+------+---------+---------+
       Grand Total:                       9508   3679      613    


LINKER GENERATED COPY TABLES

__TI_cinit_table @ 00003384 records: 2, size/record: 8, table size: 16
	.data: load addr=00003350, load size=0000001a bytes, run addr=20000248, run size=0000001d bytes, compression=rle
	.bss: load addr=00003370, load size=00000009 bytes, run addr=20000200, run size=00000048 bytes, compression=rle


LINKER GENERATED HANDLER TABLE

__TI_handler_table @ 0000337c records: 2, size/record: 4, table size: 8
	index: 0, handler: __TI_decompress_rle24
	index: 1, handler: __TI_decompress_none


GLOBAL SYMBOLS: SORTED ALPHABETICALLY BY Name 

address   name                           
-------   ----                           
00002329  C$$EXIT                        
0000262f  GPIODirModeSet                 
00001ad5  GPIOPadConfigSet               
0000237d  GPIOPinConfigure               
000026bf  GPIOPinTypeGPIOOutput          
0000271d  GPIOPinTypeSSI                 
0000277f  GrContextFontSet               
00002145  GrContextInit                  
00001e0d  GrDefaultStringRenderer        
00002603  GrFontBaselineGet              
000026a1  GrFontCodepageGet              
0000267f  GrFontGlyphDataGet             
000016af  GrFontGlyphRender              
00002659  GrFontInfoGet                  
0000245f  GrLineDrawH                    
000024a5  GrLineDrawV                    
0000276f  GrMapISO8859_1_Unicode         
00002215  GrRectDraw                     
00001f69  GrRectFill                     
000026f1  GrStringDraw                   
000025d5  GrStringNextCharGet            
000021ad  GrStringWidthGet               
00001051  Kentec320x240x16_SSD2119Init   
00001049  LED_backlight_OFF              
00001041  LED_backlight_ON               
0000274f  ResetISR                       
UNDEFED   SHT$$INIT_ARRAY$$Base          
UNDEFED   SHT$$INIT_ARRAY$$Limit         
00002777  SSIBusy                        
0000252b  SSIConfigSetExpClk             
0000272f  SSIDataGetNonBlocking          
0000275b  SSIDataPut                     
00002765  SSIEnable                      
00001c09  SysCtlClockGet                 
00001d19  SysCtlClockSet                 
00002785  SysCtlDelay                    
000025a1  SysCtlPeripheralEnable         
20000200  __STACK_END                    
00000200  __STACK_SIZE                   
20000200  __STACK_TOP                    
00003384  __TI_CINIT_Base                
00003394  __TI_CINIT_Limit               
0000337c  __TI_Handler_Table_Base        
00003384  __TI_Handler_Table_Limit       
00002069  __TI_auto_init                 
20000248  __TI_cleanup_ptr               
00002741  __TI_decompress_none           
0000278b  __TI_decompress_rle24          
2000024c  __TI_dtors_ptr                 
20000250  __TI_enable_exit_profile_output
ffffffff  __TI_pprof_out_hndl            
ffffffff  __TI_prof_data_size            
ffffffff  __TI_prof_data_start           
00000000  __TI_static_base__             
00001903  __aeabi_idiv0                  
00001fef  __aeabi_memclr                 
00001fef  __aeabi_memclr4                
00001fef  __aeabi_memclr8                
00001ecd  __aeabi_memcpy                 
00001ecd  __aeabi_memcpy4                
00001ecd  __aeabi_memcpy8                
00001ff1  __aeabi_memset                 
00001ff1  __aeabi_memset4                
00001ff1  __aeabi_memset8                
000024eb  __aeabi_uidiv                  
000024eb  __aeabi_uidivmod               
ffffffff  __binit__                      
ffffffff  __c_args__                     
00001c07  __mpu_init                     
20000000  __stack                        
000026d9  _args_main                     
000022d5  _c_int00                       
20000254  _lock                          
00002717  _nop                           
0000270f  _register_lock                 
00002709  _register_unlock               
00002143  _system_post_cinit             
00002791  _system_pre_init               
20000258  _unlock                        
0000232d  abort                          
ffffffff  binit                          
000023c9  copy_in                        
00002335  exit                           
00000000  g_pfnVectors                   
0000333c  g_psDefaultCodePointMapTable   
000030f4  g_sFontCm20                    
000032e8  g_sKentec320x240x16_SSD2119    
20000264  idx                            
00001905  main                           
2000025c  main_func_sp                   
00001ecd  memcpy                         
00001ff7  memset                         
20000244  pui16Data                      
20000200  sContext                       
20000238  sRect                          
2000022c  str                            
00000751  ulocaltime                     
0000094f  umktime                        
00000ec9  urand                          
00000721  usnprintf                      
000006ef  usprintf                       
00000eb9  usrand                         
00000e31  ustrcasecmp                    
00000ea5  ustrcmp                        
00000d35  ustrlen                        
00000d8d  ustrncasecmp                   
00000e45  ustrncmp                       
0000026d  ustrncpy                       
00000d57  ustrstr                        
00000afd  ustrtof                        
000009c5  ustrtoul                       
000002c5  uvsnprintf                     


GLOBAL SYMBOLS: SORTED BY Symbol Address 

address   name                           
-------   ----                           
00000000  __TI_static_base__             
00000000  g_pfnVectors                   
00000200  __STACK_SIZE                   
0000026d  ustrncpy                       
000002c5  uvsnprintf                     
000006ef  usprintf                       
00000721  usnprintf                      
00000751  ulocaltime                     
0000094f  umktime                        
000009c5  ustrtoul                       
00000afd  ustrtof                        
00000d35  ustrlen                        
00000d57  ustrstr                        
00000d8d  ustrncasecmp                   
00000e31  ustrcasecmp                    
00000e45  ustrncmp                       
00000ea5  ustrcmp                        
00000eb9  usrand                         
00000ec9  urand                          
00001041  LED_backlight_ON               
00001049  LED_backlight_OFF              
00001051  Kentec320x240x16_SSD2119Init   
000016af  GrFontGlyphRender              
00001903  __aeabi_idiv0                  
00001905  main                           
00001ad5  GPIOPadConfigSet               
00001c07  __mpu_init                     
00001c09  SysCtlClockGet                 
00001d19  SysCtlClockSet                 
00001e0d  GrDefaultStringRenderer        
00001ecd  __aeabi_memcpy                 
00001ecd  __aeabi_memcpy4                
00001ecd  __aeabi_memcpy8                
00001ecd  memcpy                         
00001f69  GrRectFill                     
00001fef  __aeabi_memclr                 
00001fef  __aeabi_memclr4                
00001fef  __aeabi_memclr8                
00001ff1  __aeabi_memset                 
00001ff1  __aeabi_memset4                
00001ff1  __aeabi_memset8                
00001ff7  memset                         
00002069  __TI_auto_init                 
00002143  _system_post_cinit             
00002145  GrContextInit                  
000021ad  GrStringWidthGet               
00002215  GrRectDraw                     
000022d5  _c_int00                       
00002329  C$$EXIT                        
0000232d  abort                          
00002335  exit                           
0000237d  GPIOPinConfigure               
000023c9  copy_in                        
0000245f  GrLineDrawH                    
000024a5  GrLineDrawV                    
000024eb  __aeabi_uidiv                  
000024eb  __aeabi_uidivmod               
0000252b  SSIConfigSetExpClk             
000025a1  SysCtlPeripheralEnable         
000025d5  GrStringNextCharGet            
00002603  GrFontBaselineGet              
0000262f  GPIODirModeSet                 
00002659  GrFontInfoGet                  
0000267f  GrFontGlyphDataGet             
000026a1  GrFontCodepageGet              
000026bf  GPIOPinTypeGPIOOutput          
000026d9  _args_main                     
000026f1  GrStringDraw                   
00002709  _register_unlock               
0000270f  _register_lock                 
00002717  _nop                           
0000271d  GPIOPinTypeSSI                 
0000272f  SSIDataGetNonBlocking          
00002741  __TI_decompress_none           
0000274f  ResetISR                       
0000275b  SSIDataPut                     
00002765  SSIEnable                      
0000276f  GrMapISO8859_1_Unicode         
00002777  SSIBusy                        
0000277f  GrContextFontSet               
00002785  SysCtlDelay                    
0000278b  __TI_decompress_rle24          
00002791  _system_pre_init               
000030f4  g_sFontCm20                    
000032e8  g_sKentec320x240x16_SSD2119    
0000333c  g_psDefaultCodePointMapTable   
0000337c  __TI_Handler_Table_Base        
00003384  __TI_CINIT_Base                
00003384  __TI_Handler_Table_Limit       
00003394  __TI_CINIT_Limit               
20000000  __stack                        
20000200  __STACK_END                    
20000200  __STACK_TOP                    
20000200  sContext                       
2000022c  str                            
20000238  sRect                          
20000244  pui16Data                      
20000248  __TI_cleanup_ptr               
2000024c  __TI_dtors_ptr                 
20000250  __TI_enable_exit_profile_output
20000254  _lock                          
20000258  _unlock                        
2000025c  main_func_sp                   
20000264  idx                            
ffffffff  __TI_pprof_out_hndl            
ffffffff  __TI_prof_data_size            
ffffffff  __TI_prof_data_start           
ffffffff  __binit__                      
ffffffff  __c_args__                     
ffffffff  binit                          
UNDEFED   SHT$$INIT_ARRAY$$Base          
UNDEFED   SHT$$INIT_ARRAY$$Limit         

[112 symbols]
